<html>
<body>
<pre>
<h1>µVision Build Log</h1>
<h2>Tool Versions:</h2>
IDE-Version: µVision V5.34.0.0
Copyright (C) 2021 ARM Ltd and ARM Germany GmbH. All rights reserved.
License Information: fncy yyy, yyyy, LIC=----
 
Tool Versions:
Toolchain:       MDK-Lite  Version: 5.34.0.0
Toolchain Path:  C:\Keil_v5\ARM\ARMCLANG\Bin
C Compiler:      ArmClang.exe V6.16
Assembler:       Armasm.exe V6.16
Linker/Locator:  ArmLink.exe V6.16
Library Manager: ArmAr.exe V6.16
Hex Converter:   FromElf.exe V6.16
CPU DLL:         SARMCM3.DLL V5.34.0.0
Dialog DLL:      DCM.DLL V1.17.3.0
Target DLL:      lmidk-agdi.dll V???
Dialog DLL:      TCM.DLL V1.48.0.0
 
<h2>Project:</h2>
D:\study\2nd term\Microprocessors\project\LCD Project\p1\GPS-Tracking-System\init.uvprojx
Project File Date:  06/06/2021

<h2>Output:</h2>
*** Using Compiler 'V6.16', folder: 'C:\Keil_v5\ARM\ARMCLANG\Bin'
Build target 'Target 1'
init.c(47): warning: 'return' will never be executed [-Wunreachable-code-return]
        return 0;
               ^
init.c(115): warning: implicit conversion changes signedness: 'int' to 'unsigned long' [-Wsign-conversion]
        GPIO_PORTA_DATA_R &= ~(0xE0);
                          ~~ ^~~~~~~
init.c(130): warning: implicit conversion changes signedness: 'int' to 'unsigned long' [-Wsign-conversion]
        GPIO_PORTA_DATA_R &= ~(0x80);
                          ~~ ^~~~~~~
init.c(136): warning: implicit conversion changes signedness: 'int' to 'unsigned long' [-Wsign-conversion]
        GPIO_PORTA_DATA_R &= ~(0x20);
                          ~~ ^~~~~~~
init.c(148): warning: implicit conversion changes signedness: 'int' to 'unsigned long' [-Wsign-conversion]
        GPIO_PORTA_DATA_R &= ~(0x20);
                          ~~ ^~~~~~~
init.c(153): warning: no previous prototype for function 'PortD_Init' [-Wmissing-prototypes]
void PortD_Init(void)
     ^
init.c(153): note: declare 'static' if the function is not intended to be used outside of this translation unit
void PortD_Init(void)
^
static 
6 warnings generated.
compiling init.c...
linking...
Program Size: Code=1232 RO-data=648 RW-data=0 ZI-data=608  
".\Objects\init.axf" - 0 Error(s), 6 Warning(s).

<h2>Software Packages used:</h2>

Package Vendor: ARM
                http://www.keil.com/pack/ARM.CMSIS.5.7.0.pack
                ARM.CMSIS.5.7.0
                CMSIS (Cortex Microcontroller Software Interface Standard)
   * Component: CORE Version: 5.4.0

Package Vendor: Keil
                http://www.keil.com/pack/Keil.TM4C_DFP.1.1.0.pack
                Keil.TM4C_DFP.1.1.0
                Texas Instruments Tiva C Series Device Support and Examples
   * Component: Startup Version: 1.0.1

<h2>Collection of Component include folders:</h2>
  .\RTE\_Target_1
  C:\Users\Abdo\AppData\Local\Arm\Packs\ARM\CMSIS\5.7.0\CMSIS\Core\Include
  C:\Users\Abdo\AppData\Local\Arm\Packs\Keil\TM4C_DFP\1.1.0\Device\Include\TM4C123

<h2>Collection of Component Files used:</h2>

   * Component: ARM::CMSIS:CORE:5.4.0

   * Component: Keil::Device:Startup:1.0.1
      Include file:  Device\Include\TM4C123\TM4C123.h
      Source file:   Device\Source\ARM\startup_TM4C123.s
      Source file:   Device\Source\system_TM4C123.c
Build Time Elapsed:  00:00:01
</pre>
</body>
</html>
